2026-08-07 09:02:41.740: [INFO] CurrentProfilePath: C:\Users\hp\Desktop\CSE379\.metadata\.plugins\org.eclipse.swt\EBWebView\Default
2026-08-07 09:02:41.740: [INFO] Profiles total count: 1
2026-08-07 09:02:41.740: [INFO] Profile: name=Profile 1 path=C:\Users\hp\Desktop\CSE379\.metadata\.plugins\org.eclipse.swt\EBWebView\Default lastActive=null
2026-08-07 09:02:41.740: [INFO] LastUsedProfileDir: C:\Users\hp\Desktop\CSE379\.metadata\.plugins\org.eclipse.swt\EBWebView\Default
2026-08-07 09:02:41.740: [INFO] OnDoneLoading sync enabled: 0
2026-08-07 09:02:41.740: [INFO] BookmarkModelLoaded, ids_reassigned: 0
2026-08-07 09:02:41.740: [INFO] BookmarksLoadDropped droppedNodes=0
2026-08-07 09:02:41.740: [INFO] BookmarksSnapshot Startup total=0 bar=0 other=0 mobile=0 showBar=0 showBarNTP=1
2026-08-07 09:02:59.046: [INFO] BookmarksSnapshot Shutdown total=0 bar=0 other=0 mobile=0 showBar=0 showBarNTP=1
2026-08-07 09:02:59.704: [INFO] CurrentProfilePath: C:\Users\hp\Desktop\CSE379\.metadata\.plugins\org.eclipse.swt\EBWebView\Default
2026-08-07 09:02:59.704: [INFO] Profiles total count: 1
2026-08-07 09:02:59.705: [INFO] Profile: name=Profile 1 path=C:\Users\hp\Desktop\CSE379\.metadata\.plugins\org.eclipse.swt\EBWebView\Default lastActive=2026-08-07T09:02:42.632Z
2026-08-07 09:02:59.705: [INFO] LastUsedProfileDir: C:\Users\hp\Desktop\CSE379\.metadata\.plugins\org.eclipse.swt\EBWebView\Default
2026-08-07 09:02:59.705: [INFO] MostRecentlyActiveProfile: name=Profile 1 path=C:\Users\hp\Desktop\CSE379\.metadata\.plugins\org.eclipse.swt\EBWebView\Default lastActive=2026-08-07T09:02:42.632Z
2026-08-07 09:02:59.705: [INFO] OnDoneLoading sync enabled: 0
2026-08-07 09:02:59.705: [INFO] BookmarkModelLoaded, ids_reassigned: 0
2026-08-07 09:02:59.705: [INFO] BookmarksLoadDropped droppedNodes=0
2026-08-07 09:02:59.705: [INFO] BookmarksSnapshot Startup total=0 bar=0 other=0 mobile=0 showBar=0 showBarNTP=1
2026-08-07 09:15:30.768: [INFO] BookmarksSnapshot Shutdown total=0 bar=0 other=0 mobile=0 showBar=0 showBarNTP=1
2026-08-07 09:15:51.372: [INFO] CurrentProfilePath: C:\Users\hp\Desktop\CSE379\.metadata\.plugins\org.eclipse.swt\EBWebView\Default
2026-08-07 09:15:51.372: [INFO] Profiles total count: 1
2026-08-07 09:15:51.372: [INFO] Profile: name=Profile 1 path=C:\Users\hp\Desktop\CSE379\.metadata\.plugins\org.eclipse.swt\EBWebView\Default lastActive=2026-08-07T09:14:08.489Z
2026-08-07 09:15:51.372: [INFO] LastUsedProfileDir: C:\Users\hp\Desktop\CSE379\.metadata\.plugins\org.eclipse.swt\EBWebView\Default
2026-08-07 09:15:51.373: [INFO] MostRecentlyActiveProfile: name=Profile 1 path=C:\Users\hp\Desktop\CSE379\.metadata\.plugins\org.eclipse.swt\EBWebView\Default lastActive=2026-08-07T09:14:08.489Z
2026-08-07 09:15:51.373: [INFO] OnDoneLoading sync enabled: 0
2026-08-07 09:15:51.373: [INFO] BookmarkModelLoaded, ids_reassigned: 0
2026-08-07 09:15:51.373: [INFO] BookmarksLoadDropped droppedNodes=0
2026-08-07 09:15:51.373: [INFO] BookmarksSnapshot Startup total=0 bar=0 other=0 mobile=0 showBar=0 showBarNTP=1
2026-08-07 09:16:29.533: [INFO] BookmarksSnapshot Shutdown total=0 bar=0 other=0 mobile=0 showBar=0 showBarNTP=1
2026-08-07 09:16:30.371: [INFO] CurrentProfilePath: C:\Users\hp\Desktop\CSE379\.metadata\.plugins\org.eclipse.swt\EBWebView\Default
2026-08-07 09:16:30.371: [INFO] Profiles total count: 1
2026-08-07 09:16:30.371: [INFO] Profile: name=Profile 1 path=C:\Users\hp\Desktop\CSE379\.metadata\.plugins\org.eclipse.swt\EBWebView\Default lastActive=2026-08-07T09:16:10.540Z
2026-08-07 09:16:30.371: [INFO] LastUsedProfileDir: C:\Users\hp\Desktop\CSE379\.metadata\.plugins\org.eclipse.swt\EBWebView\Default
2026-08-07 09:16:30.371: [INFO] MostRecentlyActiveProfile: name=Profile 1 path=C:\Users\hp\Desktop\CSE379\.metadata\.plugins\org.eclipse.swt\EBWebView\Default lastActive=2026-08-07T09:16:10.540Z
2026-08-07 09:16:30.371: [INFO] OnDoneLoading sync enabled: 0
2026-08-07 09:16:30.371: [INFO] BookmarkModelLoaded, ids_reassigned: 0
2026-08-07 09:16:30.371: [INFO] BookmarksLoadDropped droppedNodes=0
2026-08-07 09:16:30.371: [INFO] BookmarksSnapshot Startup total=0 bar=0 other=0 mobile=0 showBar=0 showBarNTP=1
2026-08-07 09:50:06.562: [INFO] BookmarksSnapshot Shutdown total=0 bar=0 other=0 mobile=0 showBar=0 showBarNTP=1
2026-08-11 09:27:08.328: [INFO] CurrentProfilePath: C:\Users\hp\Desktop\CSE379\.metadata\.plugins\org.eclipse.swt\EBWebView\Default
2026-08-11 09:27:08.328: [INFO] Profiles total count: 1
2026-08-11 09:27:08.328: [INFO] Profile: name=Profile 1 path=C:\Users\hp\Desktop\CSE379\.metadata\.plugins\org.eclipse.swt\EBWebView\Default lastActive=2026-08-07T09:16:10.540Z
2026-08-11 09:27:08.328: [INFO] LastUsedProfileDir: C:\Users\hp\Desktop\CSE379\.metadata\.plugins\org.eclipse.swt\EBWebView\Default
2026-08-11 09:27:08.328: [INFO] MostRecentlyActiveProfile: name=Profile 1 path=C:\Users\hp\Desktop\CSE379\.metadata\.plugins\org.eclipse.swt\EBWebView\Default lastActive=2026-08-07T09:16:10.540Z
2026-08-11 09:27:08.328: [INFO] OnDoneLoading sync enabled: 0
2026-08-11 09:27:08.328: [INFO] BookmarkModelLoaded, ids_reassigned: 0
2026-08-11 09:27:08.328: [INFO] BookmarksLoadDropped droppedNodes=0
2026-08-11 09:27:08.328: [INFO] BookmarksSnapshot Startup total=0 bar=0 other=0 mobile=0 showBar=0 showBarNTP=1
2026-08-11 09:33:04.794: [INFO] BookmarksSnapshot Shutdown total=0 bar=0 other=0 mobile=0 showBar=0 showBarNTP=1
2026-08-11 09:33:37.900: [INFO] CurrentProfilePath: C:\Users\hp\Desktop\CSE379\.metadata\.plugins\org.eclipse.swt\EBWebView\Default
2026-08-11 09:33:37.900: [INFO] Profiles total count: 1
2026-08-11 09:33:37.900: [INFO] Profile: name=Profile 1 path=C:\Users\hp\Desktop\CSE379\.metadata\.plugins\org.eclipse.swt\EBWebView\Default lastActive=2026-08-11T09:32:34.625Z
2026-08-11 09:33:37.900: [INFO] LastUsedProfileDir: C:\Users\hp\Desktop\CSE379\.metadata\.plugins\org.eclipse.swt\EBWebView\Default
2026-08-11 09:33:37.900: [INFO] MostRecentlyActiveProfile: name=Profile 1 path=C:\Users\hp\Desktop\CSE379\.metadata\.plugins\org.eclipse.swt\EBWebView\Default lastActive=2026-08-11T09:32:34.625Z
2026-08-11 09:33:37.900: [INFO] OnDoneLoading sync enabled: 0
2026-08-11 09:33:37.900: [INFO] BookmarkModelLoaded, ids_reassigned: 0
2026-08-11 09:33:37.900: [INFO] BookmarksLoadDropped droppedNodes=0
2026-08-11 09:33:37.900: [INFO] BookmarksSnapshot Startup total=0 bar=0 other=0 mobile=0 showBar=0 showBarNTP=1
2026-08-11 10:53:30.721: [INFO] BookmarksSnapshot Shutdown total=0 bar=0 other=0 mobile=0 showBar=0 showBarNTP=1
2026-08-18 08:27:39.637: [INFO] CurrentProfilePath: C:\Users\hp\Desktop\CSE379\.metadata\.plugins\org.eclipse.swt\EBWebView\Default
2026-08-18 08:27:39.637: [INFO] Profiles total count: 1
2026-08-18 08:27:39.637: [INFO] Profile: name=Profile 1 path=C:\Users\hp\Desktop\CSE379\.metadata\.plugins\org.eclipse.swt\EBWebView\Default lastActive=2026-08-11T09:47:31.977Z
2026-08-18 08:27:39.637: [INFO] LastUsedProfileDir: C:\Users\hp\Desktop\CSE379\.metadata\.plugins\org.eclipse.swt\EBWebView\Default
2026-08-18 08:27:39.637: [INFO] MostRecentlyActiveProfile: name=Profile 1 path=C:\Users\hp\Desktop\CSE379\.metadata\.plugins\org.eclipse.swt\EBWebView\Default lastActive=2026-08-11T09:47:31.977Z
2026-08-18 08:27:39.637: [INFO] OnDoneLoading sync enabled: 0
2026-08-18 08:27:39.637: [INFO] BookmarkModelLoaded, ids_reassigned: 0
2026-08-18 08:27:39.637: [INFO] BookmarksLoadDropped droppedNodes=0
2026-08-18 08:27:39.637: [INFO] BookmarksSnapshot Startup total=0 bar=0 other=0 mobile=0 showBar=0 showBarNTP=1
2026-08-18 08:49:20.060: [INFO] BookmarksSnapshot Shutdown total=0 bar=0 other=0 mobile=0 showBar=0 showBarNTP=1
2026-08-18 08:49:41.543: [INFO] CurrentProfilePath: C:\Users\hp\Desktop\CSE379\.metadata\.plugins\org.eclipse.swt\EBWebView\Default
2026-08-18 08:49:41.543: [INFO] Profiles total count: 1
2026-08-18 08:49:41.543: [INFO] Profile: name=Profile 1 path=C:\Users\hp\Desktop\CSE379\.metadata\.plugins\org.eclipse.swt\EBWebView\Default lastActive=2026-08-18T08:27:54.276Z
2026-08-18 08:49:41.543: [INFO] LastUsedProfileDir: C:\Users\hp\Desktop\CSE379\.metadata\.plugins\org.eclipse.swt\EBWebView\Default
2026-08-18 08:49:41.543: [INFO] MostRecentlyActiveProfile: name=Profile 1 path=C:\Users\hp\Desktop\CSE379\.metadata\.plugins\org.eclipse.swt\EBWebView\Default lastActive=2026-08-18T08:27:54.276Z
2026-08-18 08:49:41.543: [INFO] OnDoneLoading sync enabled: 0
2026-08-18 08:49:41.543: [INFO] BookmarkModelLoaded, ids_reassigned: 0
2026-08-18 08:49:41.543: [INFO] BookmarksLoadDropped droppedNodes=0
2026-08-18 08:49:41.543: [INFO] BookmarksSnapshot Startup total=0 bar=0 other=0 mobile=0 showBar=0 showBarNTP=1
2026-08-18 09:44:56.770: [INFO] BookmarksSnapshot Shutdown total=0 bar=0 other=0 mobile=0 showBar=0 showBarNTP=1
2026-08-25 08:25:47.315: [INFO] CurrentProfilePath: C:\Users\hp\Desktop\CSE379\.metadata\.plugins\org.eclipse.swt\EBWebView\Default
2026-08-25 08:25:47.315: [INFO] Profiles total count: 1
2026-08-25 08:25:47.315: [INFO] Profile: name=Profile 1 path=C:\Users\hp\Desktop\CSE379\.metadata\.plugins\org.eclipse.swt\EBWebView\Default lastActive=2026-08-18T09:44:55.324Z
2026-08-25 08:25:47.315: [INFO] LastUsedProfileDir: C:\Users\hp\Desktop\CSE379\.metadata\.plugins\org.eclipse.swt\EBWebView\Default
2026-08-25 08:25:47.315: [INFO] MostRecentlyActiveProfile: name=Profile 1 path=C:\Users\hp\Desktop\CSE379\.metadata\.plugins\org.eclipse.swt\EBWebView\Default lastActive=2026-08-18T09:44:55.324Z
2026-08-25 08:25:47.315: [INFO] OnDoneLoading sync enabled: 0
2026-08-25 08:25:47.315: [INFO] BookmarkModelLoaded, ids_reassigned: 0
2026-08-25 08:25:47.315: [INFO] BookmarksLoadDropped droppedNodes=0
2026-08-25 08:25:47.315: [INFO] BookmarksSnapshot Startup total=0 bar=0 other=0 mobile=0 showBar=0 showBarNTP=1
2026-08-25 09:33:27.283: [INFO] CurrentProfilePath: C:\Users\hp\Desktop\CSE379\.metadata\.plugins\org.eclipse.swt\EBWebView\Default
2026-08-25 09:33:27.283: [INFO] Profiles total count: 1
2026-08-25 09:33:27.285: [INFO] Profile: name=Profile 1 path=C:\Users\hp\Desktop\CSE379\.metadata\.plugins\org.eclipse.swt\EBWebView\Default lastActive=2026-08-25T08:26:54.383Z
2026-08-25 09:33:27.285: [INFO] LastUsedProfileDir: C:\Users\hp\Desktop\CSE379\.metadata\.plugins\org.eclipse.swt\EBWebView\Default
2026-08-25 09:33:27.285: [INFO] MostRecentlyActiveProfile: name=Profile 1 path=C:\Users\hp\Desktop\CSE379\.metadata\.plugins\org.eclipse.swt\EBWebView\Default lastActive=2026-08-25T08:26:54.383Z
2026-08-25 09:33:27.285: [INFO] OnDoneLoading sync enabled: 0
2026-08-25 09:33:27.285: [INFO] BookmarkModelLoaded, ids_reassigned: 0
2026-08-25 09:33:27.285: [INFO] BookmarksLoadDropped droppedNodes=0
2026-08-25 09:33:27.285: [INFO] BookmarksSnapshot Startup total=0 bar=0 other=0 mobile=0 showBar=0 showBarNTP=1
2026-08-25 09:44:10.251: [INFO] BookmarksSnapshot Shutdown total=0 bar=0 other=0 mobile=0 showBar=0 showBarNTP=1
2026-09-01 09:05:23.931: [INFO] CurrentProfilePath: C:\Users\hp\Desktop\CSE379\.metadata\.plugins\org.eclipse.swt\EBWebView\Default
2026-09-01 09:05:23.931: [INFO] Profiles total count: 1
2026-09-01 09:05:23.933: [INFO] Profile: name=Profile 1 path=C:\Users\hp\Desktop\CSE379\.metadata\.plugins\org.eclipse.swt\EBWebView\Default lastActive=2026-08-25T09:40:54.163Z
2026-09-01 09:05:23.933: [INFO] LastUsedProfileDir: C:\Users\hp\Desktop\CSE379\.metadata\.plugins\org.eclipse.swt\EBWebView\Default
2026-09-01 09:05:23.933: [INFO] MostRecentlyActiveProfile: name=Profile 1 path=C:\Users\hp\Desktop\CSE379\.metadata\.plugins\org.eclipse.swt\EBWebView\Default lastActive=2026-08-25T09:40:54.163Z
2026-09-01 09:05:23.933: [INFO] OnDoneLoading sync enabled: 0
2026-09-01 09:05:23.933: [INFO] BookmarkModelLoaded, ids_reassigned: 0
2026-09-01 09:05:23.933: [INFO] BookmarksLoadDropped droppedNodes=0
2026-09-01 09:05:23.933: [INFO] BookmarksSnapshot Startup total=0 bar=0 other=0 mobile=0 showBar=0 showBarNTP=1
2026-09-01 09:46:25.606: [INFO] BookmarksSnapshot Shutdown total=0 bar=0 other=0 mobile=0 showBar=0 showBarNTP=1
2026-09-08 08:29:00.058: [INFO] CurrentProfilePath: C:\Users\hp\Desktop\CSE379\.metadata\.plugins\org.eclipse.swt\EBWebView\Default
2026-09-08 08:29:00.058: [INFO] Profiles total count: 1
2026-09-08 08:29:00.058: [INFO] Profile: name=Profile 1 path=C:\Users\hp\Desktop\CSE379\.metadata\.plugins\org.eclipse.swt\EBWebView\Default lastActive=2026-09-01T09:05:39.397Z
2026-09-08 08:29:00.058: [INFO] LastUsedProfileDir: C:\Users\hp\Desktop\CSE379\.metadata\.plugins\org.eclipse.swt\EBWebView\Default
2026-09-08 08:29:00.058: [INFO] MostRecentlyActiveProfile: name=Profile 1 path=C:\Users\hp\Desktop\CSE379\.metadata\.plugins\org.eclipse.swt\EBWebView\Default lastActive=2026-09-01T09:05:39.397Z
2026-09-08 08:29:00.058: [INFO] OnDoneLoading sync enabled: 0
2026-09-08 08:29:00.058: [INFO] BookmarkModelLoaded, ids_reassigned: 0
2026-09-08 08:29:00.058: [INFO] BookmarksLoadDropped droppedNodes=0
2026-09-08 08:29:00.058: [INFO] BookmarksSnapshot Startup total=0 bar=0 other=0 mobile=0 showBar=0 showBarNTP=1
2026-09-08 09:37:37.070: [INFO] BookmarksSnapshot Shutdown total=0 bar=0 other=0 mobile=0 showBar=0 showBarNTP=1
